// Jest Snapshot v1, https://goo.gl/fbAQLP

exports[`the total card should render correctly 1`] = `
<DocumentFragment>
  <div
    class="total-card"
  >
    <div
      class="total-card-text"
    >
      <div
        class="total"
      >
        Total
      </div>
      <div
        class="rs"
      >
        RS
      </div>
      <div
        class="price"
      />
    </div>
    <hr />
    <div
      class="total-checkout"
    >
      <button
        class="button-yellow"
        data-testid="test-btn"
        type="button"
      >
        Checkout
      </button>
    </div>
  </div>
</DocumentFragment>
`;
