// Jest Snapshot v1, https://goo.gl/fbAQLP

exports[`the product cards should render correctly 1`] = `
<DocumentFragment>
  <div
    class="filter-bar"
  >
    <button
      class="category-button"
      data-testid="filter-btn"
      type="button"
    >
      All
    </button>
  </div>
</DocumentFragment>
`;
